mode: set
lmzsoftware.com/lzuccarelli/golang-cicd-engine/pkg/connectors/connections.go:15.57,17.2 1 1
lmzsoftware.com/lzuccarelli/golang-cicd-engine/pkg/connectors/connections.go:19.60,21.2 1 1
lmzsoftware.com/lzuccarelli/golang-cicd-engine/pkg/connectors/connections.go:23.59,25.2 1 1
lmzsoftware.com/lzuccarelli/golang-cicd-engine/pkg/connectors/connections.go:27.60,29.2 1 1
lmzsoftware.com/lzuccarelli/golang-cicd-engine/pkg/connectors/connections.go:31.60,33.2 1 1
lmzsoftware.com/lzuccarelli/golang-cicd-engine/pkg/connectors/connections.go:35.102,44.16 9 1
lmzsoftware.com/lzuccarelli/golang-cicd-engine/pkg/connectors/connections.go:47.2,47.10 1 1
lmzsoftware.com/lzuccarelli/golang-cicd-engine/pkg/connectors/connections.go:56.2,56.17 1 1
lmzsoftware.com/lzuccarelli/golang-cicd-engine/pkg/connectors/connections.go:44.16,46.3 1 1
lmzsoftware.com/lzuccarelli/golang-cicd-engine/pkg/connectors/connections.go:47.10,48.22 1 1
lmzsoftware.com/lzuccarelli/golang-cicd-engine/pkg/connectors/connections.go:48.22,50.4 1 1
lmzsoftware.com/lzuccarelli/golang-cicd-engine/pkg/connectors/connections.go:50.9,52.4 1 0
lmzsoftware.com/lzuccarelli/golang-cicd-engine/pkg/connectors/connections.go:53.8,55.3 1 0
lmzsoftware.com/lzuccarelli/golang-cicd-engine/pkg/connectors/mock-connections.go:16.64,18.2 1 1
lmzsoftware.com/lzuccarelli/golang-cicd-engine/pkg/connectors/mock-connections.go:20.63,22.2 1 1
lmzsoftware.com/lzuccarelli/golang-cicd-engine/pkg/connectors/mock-connections.go:24.64,26.2 1 1
lmzsoftware.com/lzuccarelli/golang-cicd-engine/pkg/connectors/mock-connections.go:28.64,30.2 1 1
lmzsoftware.com/lzuccarelli/golang-cicd-engine/pkg/connectors/mock-connections.go:32.106,34.45 1 1
lmzsoftware.com/lzuccarelli/golang-cicd-engine/pkg/connectors/mock-connections.go:37.2,37.42 1 1
lmzsoftware.com/lzuccarelli/golang-cicd-engine/pkg/connectors/mock-connections.go:40.2,40.23 1 1
lmzsoftware.com/lzuccarelli/golang-cicd-engine/pkg/connectors/mock-connections.go:34.45,36.3 1 0
lmzsoftware.com/lzuccarelli/golang-cicd-engine/pkg/connectors/mock-connections.go:37.42,39.3 1 1
lmzsoftware.com/lzuccarelli/golang-cicd-engine/pkg/connectors/mock-connections.go:43.67,46.2 2 1
lmzsoftware.com/lzuccarelli/golang-cicd-engine/pkg/validator/validate.go:13.58,17.27 4 1
lmzsoftware.com/lzuccarelli/golang-cicd-engine/pkg/validator/validate.go:25.2,25.12 1 1
lmzsoftware.com/lzuccarelli/golang-cicd-engine/pkg/validator/validate.go:17.27,18.15 1 1
lmzsoftware.com/lzuccarelli/golang-cicd-engine/pkg/validator/validate.go:23.3,23.70 1 1
lmzsoftware.com/lzuccarelli/golang-cicd-engine/pkg/validator/validate.go:18.15,21.4 2 1
lmzsoftware.com/lzuccarelli/golang-cicd-engine/pkg/validator/validate.go:30.49,43.23 2 1
lmzsoftware.com/lzuccarelli/golang-cicd-engine/pkg/validator/validate.go:48.2,48.12 1 1
lmzsoftware.com/lzuccarelli/golang-cicd-engine/pkg/validator/validate.go:43.23,44.54 1 1
lmzsoftware.com/lzuccarelli/golang-cicd-engine/pkg/validator/validate.go:44.54,46.4 1 1
lmzsoftware.com/lzuccarelli/golang-cicd-engine/pkg/handlers/handler.go:21.82,27.16 5 1
lmzsoftware.com/lzuccarelli/golang-cicd-engine/pkg/handlers/handler.go:35.2,36.16 2 1
lmzsoftware.com/lzuccarelli/golang-cicd-engine/pkg/handlers/handler.go:44.2,47.26 3 1
lmzsoftware.com/lzuccarelli/golang-cicd-engine/pkg/handlers/handler.go:55.2,58.57 2 1
lmzsoftware.com/lzuccarelli/golang-cicd-engine/pkg/handlers/handler.go:27.16,33.3 5 1
lmzsoftware.com/lzuccarelli/golang-cicd-engine/pkg/handlers/handler.go:36.16,42.3 5 1
lmzsoftware.com/lzuccarelli/golang-cicd-engine/pkg/handlers/handler.go:47.26,53.3 5 1
lmzsoftware.com/lzuccarelli/golang-cicd-engine/pkg/handlers/handler.go:58.57,60.29 1 1
lmzsoftware.com/lzuccarelli/golang-cicd-engine/pkg/handlers/handler.go:73.3,73.32 1 1
lmzsoftware.com/lzuccarelli/golang-cicd-engine/pkg/handlers/handler.go:103.3,103.13 1 1
lmzsoftware.com/lzuccarelli/golang-cicd-engine/pkg/handlers/handler.go:110.3,113.37 4 1
lmzsoftware.com/lzuccarelli/golang-cicd-engine/pkg/handlers/handler.go:60.29,71.4 1 1
lmzsoftware.com/lzuccarelli/golang-cicd-engine/pkg/handlers/handler.go:73.32,75.30 1 1
lmzsoftware.com/lzuccarelli/golang-cicd-engine/pkg/handlers/handler.go:75.30,87.5 1 1
lmzsoftware.com/lzuccarelli/golang-cicd-engine/pkg/handlers/handler.go:87.10,99.5 1 1
lmzsoftware.com/lzuccarelli/golang-cicd-engine/pkg/handlers/handler.go:103.13,105.18 2 1
lmzsoftware.com/lzuccarelli/golang-cicd-engine/pkg/handlers/handler.go:105.18,107.5 1 1
lmzsoftware.com/lzuccarelli/golang-cicd-engine/pkg/handlers/handler.go:114.8,116.3 1 0
lmzsoftware.com/lzuccarelli/golang-cicd-engine/pkg/handlers/handler.go:119.54,122.2 2 1
lmzsoftware.com/lzuccarelli/golang-cicd-engine/pkg/handlers/handler.go:125.57,126.35 1 1
lmzsoftware.com/lzuccarelli/golang-cicd-engine/pkg/handlers/handler.go:129.2,133.134 4 1
lmzsoftware.com/lzuccarelli/golang-cicd-engine/pkg/handlers/handler.go:126.35,128.3 1 0
lmzsoftware.com/lzuccarelli/golang-cicd-engine/pkg/service/pipeline.go:16.77,21.16 4 1
lmzsoftware.com/lzuccarelli/golang-cicd-engine/pkg/service/pipeline.go:25.2,26.16 2 1
lmzsoftware.com/lzuccarelli/golang-cicd-engine/pkg/service/pipeline.go:30.2,31.16 2 1
lmzsoftware.com/lzuccarelli/golang-cicd-engine/pkg/service/pipeline.go:36.2,36.46 1 1
lmzsoftware.com/lzuccarelli/golang-cicd-engine/pkg/service/pipeline.go:40.2,40.37 1 1
lmzsoftware.com/lzuccarelli/golang-cicd-engine/pkg/service/pipeline.go:47.2,47.12 1 1
lmzsoftware.com/lzuccarelli/golang-cicd-engine/pkg/service/pipeline.go:21.16,23.3 1 1
lmzsoftware.com/lzuccarelli/golang-cicd-engine/pkg/service/pipeline.go:26.16,28.3 1 1
lmzsoftware.com/lzuccarelli/golang-cicd-engine/pkg/service/pipeline.go:31.16,33.3 1 0
lmzsoftware.com/lzuccarelli/golang-cicd-engine/pkg/service/pipeline.go:36.46,38.3 1 1
lmzsoftware.com/lzuccarelli/golang-cicd-engine/pkg/service/pipeline.go:40.37,43.15 3 1
lmzsoftware.com/lzuccarelli/golang-cicd-engine/pkg/service/pipeline.go:43.15,45.4 1 0
lmzsoftware.com/lzuccarelli/golang-cicd-engine/pkg/service/pipeline.go:51.50,55.2 3 1
lmzsoftware.com/lzuccarelli/golang-cicd-engine/pkg/service/pipeline.go:58.51,63.2 4 1
lmzsoftware.com/lzuccarelli/golang-cicd-engine/pkg/service/pipeline.go:66.52,72.2 5 1
lmzsoftware.com/lzuccarelli/golang-cicd-engine/pkg/service/pipeline.go:75.59,81.2 5 1
lmzsoftware.com/lzuccarelli/golang-cicd-engine/pkg/service/pipeline.go:84.83,89.21 4 1
lmzsoftware.com/lzuccarelli/golang-cicd-engine/pkg/service/pipeline.go:150.2,151.16 2 1
lmzsoftware.com/lzuccarelli/golang-cicd-engine/pkg/service/pipeline.go:165.2,165.17 1 1
lmzsoftware.com/lzuccarelli/golang-cicd-engine/pkg/service/pipeline.go:90.13,93.15 2 1
lmzsoftware.com/lzuccarelli/golang-cicd-engine/pkg/service/pipeline.go:96.3,98.15 2 1
lmzsoftware.com/lzuccarelli/golang-cicd-engine/pkg/service/pipeline.go:115.3,115.25 1 1
lmzsoftware.com/lzuccarelli/golang-cicd-engine/pkg/service/pipeline.go:116.15,117.26 1 1
lmzsoftware.com/lzuccarelli/golang-cicd-engine/pkg/service/pipeline.go:118.16,119.26 1 1
lmzsoftware.com/lzuccarelli/golang-cicd-engine/pkg/service/pipeline.go:120.15,121.26 1 1
lmzsoftware.com/lzuccarelli/golang-cicd-engine/pkg/service/pipeline.go:122.14,123.26 1 1
lmzsoftware.com/lzuccarelli/golang-cicd-engine/pkg/service/pipeline.go:124.15,125.26 1 1
lmzsoftware.com/lzuccarelli/golang-cicd-engine/pkg/service/pipeline.go:126.19,130.18 4 1
lmzsoftware.com/lzuccarelli/golang-cicd-engine/pkg/service/pipeline.go:133.3,134.27 2 1
lmzsoftware.com/lzuccarelli/golang-cicd-engine/pkg/service/pipeline.go:135.22,136.34 1 1
lmzsoftware.com/lzuccarelli/golang-cicd-engine/pkg/service/pipeline.go:137.22,139.78 2 1
lmzsoftware.com/lzuccarelli/golang-cicd-engine/pkg/service/pipeline.go:144.3,144.23 1 1
lmzsoftware.com/lzuccarelli/golang-cicd-engine/pkg/service/pipeline.go:145.19,146.26 1 1
lmzsoftware.com/lzuccarelli/golang-cicd-engine/pkg/service/pipeline.go:147.14,148.26 1 1
lmzsoftware.com/lzuccarelli/golang-cicd-engine/pkg/service/pipeline.go:93.15,95.4 1 1
lmzsoftware.com/lzuccarelli/golang-cicd-engine/pkg/service/pipeline.go:98.15,100.18 2 1
lmzsoftware.com/lzuccarelli/golang-cicd-engine/pkg/service/pipeline.go:100.18,102.5 1 1
lmzsoftware.com/lzuccarelli/golang-cicd-engine/pkg/service/pipeline.go:103.9,106.19 2 0
lmzsoftware.com/lzuccarelli/golang-cicd-engine/pkg/service/pipeline.go:109.4,109.18 1 0
lmzsoftware.com/lzuccarelli/golang-cicd-engine/pkg/service/pipeline.go:106.19,108.5 1 0
lmzsoftware.com/lzuccarelli/golang-cicd-engine/pkg/service/pipeline.go:109.18,113.5 3 0
lmzsoftware.com/lzuccarelli/golang-cicd-engine/pkg/service/pipeline.go:130.18,132.4 1 1
lmzsoftware.com/lzuccarelli/golang-cicd-engine/pkg/service/pipeline.go:139.78,141.4 1 0
lmzsoftware.com/lzuccarelli/golang-cicd-engine/pkg/service/pipeline.go:141.9,143.4 1 1
lmzsoftware.com/lzuccarelli/golang-cicd-engine/pkg/service/pipeline.go:151.16,153.18 2 1
lmzsoftware.com/lzuccarelli/golang-cicd-engine/pkg/service/pipeline.go:153.18,155.4 1 0
lmzsoftware.com/lzuccarelli/golang-cicd-engine/pkg/service/pipeline.go:156.8,157.16 1 1
lmzsoftware.com/lzuccarelli/golang-cicd-engine/pkg/service/pipeline.go:160.3,161.18 2 1
lmzsoftware.com/lzuccarelli/golang-cicd-engine/pkg/service/pipeline.go:157.16,159.4 1 0
lmzsoftware.com/lzuccarelli/golang-cicd-engine/pkg/service/pipeline.go:161.18,163.4 1 0
